VITD 0
CHEMBL3263870_lig is not the same in glide output and prepared ligands.
TRPV1 1
STRANSP 2
SMO 3
SIGMA1 4
Q9Y233 5
Q16539 6
PLK1 7
P56817 8
CHEMBL270172_lig is not the same in glide output and prepared ligands.
CHEMBL585286_lig is not the same in glide output and prepared ligands.
P24941 9
CHEMBL209280_lig is not the same in glide output and prepared ligands.
CHEMBL378420_lig is not the same in glide output and prepared ligands.
CHEMBL379193_lig is not the same in glide output and prepared ligands.
P18031 10
CHEMBL592245_lig is not the same in glide output and prepared ligands.
2NTA_lig is not the same in glide output and prepared ligands.
CHEMBL206950_lig is not the same in glide output and prepared ligands.
CHEMBL377816_lig is not the same in glide output and prepared ligands.
CHEMBL212147_lig is not the same in glide output and prepared ligands.
CHEMBL377441_lig is not the same in glide output and prepared ligands.
CHEMBL382311_lig is not the same in glide output and prepared ligands.
CHEMBL377989_lig is not the same in glide output and prepared ligands.
CHEMBL264833_lig is not the same in glide output and prepared ligands.
CHEMBL207489_lig is not the same in glide output and prepared ligands.
CHEMBL424880_lig is not the same in glide output and prepared ligands.
CHEMBL2113225_lig is not the same in glide output and prepared ligands.
CHEMBL210836_lig is not the same in glide output and prepared ligands.
CHEMBL377141_lig is not the same in glide output and prepared ligands.
CHEMBL383437_lig is not the same in glide output and prepared ligands.
CHEMBL208114_lig is not the same in glide output and prepared ligands.
CHEMBL209107_lig is not the same in glide output and prepared ligands.
CHEMBL211352_lig is not the same in glide output and prepared ligands.
CHEMBL3747361_lig is not the same in glide output and prepared ligands.
CHEMBL377735_lig is not the same in glide output and prepared ligands.
CHEMBL2113226_lig is not the same in glide output and prepared ligands.
CHEMBL436933_lig is not the same in glide output and prepared ligands.
CHEMBL378614_lig is not the same in glide output and prepared ligands.
CHEMBL438957_lig is not the same in glide output and prepared ligands.
CHEMBL208604_lig is not the same in glide output and prepared ligands.
CHEMBL210324_lig is not the same in glide output and prepared ligands.
CHEMBL381584_lig is not the same in glide output and prepared ligands.
CHEMBL212260_lig is not the same in glide output and prepared ligands.
CHEMBL211655_lig is not the same in glide output and prepared ligands.
CHEMBL377978_lig is not the same in glide output and prepared ligands.
P07900 11
P03951 12
P00760 13
P00749 14
P00742 15
P00734 16
P00489 17
O60885 18
MR 19
MGLUR5 20
MEK1 21
M3 22
CHEMBL381623_lig is not the same in glide output and prepared ligands.
CHEMBL200401_lig is not the same in glide output and prepared ligands.
JAK2 23
CHEMBL3401984_lig is not the same in glide output and prepared ligands.
CHEMBL2414562_lig is not the same in glide output and prepared ligands.
CHEMBL3401990_lig is not the same in glide output and prepared ligands.
CHEMBL3401978_lig is not the same in glide output and prepared ligands.
CHEMBL3401983_lig is not the same in glide output and prepared ligands.
CHEMBL3401977_lig is not the same in glide output and prepared ligands.
GLUT1 24
GCR 25
CHEMBL514630_lig is not the same in glide output and prepared ligands.
CHEMBL474189_lig is not the same in glide output and prepared ligands.
ERA 26
CHEMBL184371_lig is not the same in glide output and prepared ligands.
DTRANSP 27
CHEMBL1643901_lig is not the same in glide output and prepared ligands.
CHEMBL1643902_lig is not the same in glide output and prepared ligands.
CHK1 28
2GDO_lig is not the same in glide output and prepared ligands.
CHEMBL3359890_lig is not the same in glide output and prepared ligands.
CHEMBL378967_lig is not the same in glide output and prepared ligands.
CDK2 29
CHEMBL2426380_lig is not the same in glide output and prepared ligands.
CHEMBL2426396_lig is not the same in glide output and prepared ligands.
CHEMBL2426384_lig is not the same in glide output and prepared ligands.
CHEMBL212264_lig is not the same in glide output and prepared ligands.
CHEMBL2426386_lig is not the same in glide output and prepared ligands.
CHEMBL378248_lig is not the same in glide output and prepared ligands.
CHEMBL2426393_lig is not the same in glide output and prepared ligands.
CHEMBL2426385_lig is not the same in glide output and prepared ligands.
CHEMBL2426382_lig is not the same in glide output and prepared ligands.
CHEMBL2426390_lig is not the same in glide output and prepared ligands.
CHEMBL2426394_lig is not the same in glide output and prepared ligands.
CHEMBL2426397_lig is not the same in glide output and prepared ligands.
CHEMBL2426381_lig is not the same in glide output and prepared ligands.
CHEMBL2426388_lig is not the same in glide output and prepared ligands.
CHEMBL210765_lig is not the same in glide output and prepared ligands.
CHEMBL2426392_lig is not the same in glide output and prepared ligands.
CHEMBL2426389_lig is not the same in glide output and prepared ligands.
CHEMBL2426398_lig is not the same in glide output and prepared ligands.
CHEMBL209280_lig is not the same in glide output and prepared ligands.
CHEMBL378420_lig is not the same in glide output and prepared ligands.
CHEMBL379193_lig is not the same in glide output and prepared ligands.
CHEMBL210581_lig is not the same in glide output and prepared ligands.
BRAF 30
CHEMBL2348989_lig is not the same in glide output and prepared ligands.
CHEMBL2349006_lig is not the same in glide output and prepared ligands.
CHEMBL1087510_lig is not the same in glide output and prepared ligands.
B2AR 31
CHEMBL236514_lig is not the same in glide output and prepared ligands.
B1AR 32
CHEMBL236514_lig is not the same in glide output and prepared ligands.
AR 33
A2AR 34
5HT2B 35
