1A52_lig,2B1Z_lig,20,21,20,0,c1cc(O)cc(CC2)c1C(CC3)C2C(C34C)CCC4O,c1cc(O)cc(cc2)c1c(CC3)c2C(C34C)CCC4O,False
