1A52_lig,2B1Z_lig,20,21,14,0,C1CCC(C)C1CCc2ccccc2,CC1CCCC1CCc2ccccc2,False
