3AUQ_lig,CHEMBL3264162_lig,30,33,28,0,CCCCCC(C)C1CCC(C12C)C(=CCC2)C#CC3=CC(O)C(C)C(C3)O,CCCCCC(C)C1CCC(C12C)C(CCC2)=CC=C3CC(O)C(=C)C(O)C3
