CHEMBL3092760_lig,CHEMBL3310115_lig,19,21,19,0,ccCcc(cccc)ccccC(=O)[N+]=C(N)N,ccCcc(cccc)ccccC(=O)[N+]=C(N)N,False
