CHEMBL210836_lig,CHEMBL424880_lig,35,36,35,0,c1ccccc1S(=O)(=O)NC(c(n2)nc(c23)cccc3)Cc4ccc(cc4)C(S5(=O)=O)CC(=N5)[O-],c1ccccc1S(=O)(=O)NC(c(n2)nc(c23)cccc3)Cc4ccc(cc4)C(S5(=O)=O)CC(=N5)[O-],False
